// Jest Snapshot v1, https://goo.gl/fbAQLP

exports[`Button Component renders correctly 1`] = `
<DocumentFragment>
  <button
    class="btn-wrapper"
    style="background-color: blue;"
    type="button"
  >
    +
  </button>
</DocumentFragment>
`;
