// Jest Snapshot v1, https://goo.gl/fbAQLP

exports[`CalcPage Component renders correctly 1`] = `
<DocumentFragment>
  <div
    class="cal"
  >
    <p
      class="maths"
    >
      Lets do some Math!
    </p>
    <div
      class="calc-wrapper"
    >
      <div
        class="input-wrapper"
        data-testid="initial"
      >
        0
      </div>
      <div
        class="row"
      >
        <button
          class="btn-wrapper"
          style="background-color: rgb(224, 224, 224);"
          type="button"
        >
          AC
        </button>
        <button
          class="btn-wrapper"
          style="background-color: rgb(224, 224, 224);"
          type="button"
        >
          +/-
        </button>
        <button
          class="btn-wrapper"
          style="background-color: rgb(224, 224, 224);"
          type="button"
        >
          %
        </button>
        <button
          class="btn-wrapper"
          style="background-color: rgb(245, 145, 62);"
          type="button"
        >
          รท
        </button>
      </div>
      <div
        class="row"
      >
        <button
          class="btn-wrapper"
          style="background-color: rgb(224, 224, 224);"
          type="button"
        >
          7
        </button>
        <button
          class="btn-wrapper"
          style="background-color: rgb(224, 224, 224);"
          type="button"
        >
          8
        </button>
        <button
          class="btn-wrapper"
          style="background-color: rgb(224, 224, 224);"
          type="button"
        >
          9
        </button>
        <button
          class="btn-wrapper"
          style="background-color: rgb(245, 145, 62);"
          type="button"
        >
          x
        </button>
      </div>
      <div
        class="row"
      >
        <button
          class="btn-wrapper"
          style="background-color: rgb(224, 224, 224);"
          type="button"
        >
          4
        </button>
        <button
          class="btn-wrapper"
          style="background-color: rgb(224, 224, 224);"
          type="button"
        >
          5
        </button>
        <button
          class="btn-wrapper"
          style="background-color: rgb(224, 224, 224);"
          type="button"
        >
          6
        </button>
        <button
          class="btn-wrapper"
          style="background-color: rgb(245, 145, 62);"
          type="button"
        >
          -
        </button>
      </div>
      <div
        class="row"
      >
        <button
          class="btn-wrapper"
          style="background-color: rgb(224, 224, 224);"
          type="button"
        >
          1
        </button>
        <button
          class="btn-wrapper"
          style="background-color: rgb(224, 224, 224);"
          type="button"
        >
          2
        </button>
        <button
          class="btn-wrapper"
          style="background-color: rgb(224, 224, 224);"
          type="button"
        >
          3
        </button>
        <button
          class="btn-wrapper"
          style="background-color: rgb(245, 145, 62);"
          type="button"
        >
          +
        </button>
      </div>
      <div
        class="row last"
      >
        <button
          class="btn-wrapper"
          style="background-color: rgb(224, 224, 224);"
          type="button"
        >
          0
        </button>
        <button
          class="btn-wrapper"
          style="background-color: rgb(224, 224, 224);"
          type="button"
        >
          .
        </button>
        <button
          class="btn-wrapper"
          style="background-color: rgb(245, 145, 62);"
          type="button"
        >
          =
        </button>
      </div>
    </div>
  </div>
</DocumentFragment>
`;
