// Jest Snapshot v1, https://goo.gl/fbAQLP

exports[`Input Component renders correctly 1`] = `
<DocumentFragment>
  <div
    class="input-wrapper"
    data-testid="initial"
  >
    123
  </div>
</DocumentFragment>
`;
