// Jest Snapshot v1, https://goo.gl/fbAQLP

exports[`QuotePage matches snapshot 1`] = `
<DocumentFragment>
  <div
    class="container"
  >
    <div
      class="author"
    >
      <p>
        Loading...
      </p>
    </div>
  </div>
</DocumentFragment>
`;
